redsea@wombat:~$ sudo /opt/etherlab/bin/ethercat upload -p2 0x8000 9 -tuint8
[sudo] password for redsea: 
0x02 2
redsea@wombat:~$ sudo /opt/etherlab/bin/ethercat upload -p2 0x8000 3 -tuint8
0x01 1
redsea@wombat:~$ sudo /opt/etherlab/bin/ethercat upload -p2 0x8000 0x06 -tuint8
0x00 0
redsea@wombat:~$ sudo /opt/etherlab/bin/ethercat upload -p2 0x8000 0x13 -tuint8
Failed to upload SDO: Value too large for defined data type
redsea@wombat:~$ sudo /opt/etherlab/bin/ethercat upload -p2 0x8000 0x13 -tuint160x0032 50
sudo /opt/etherlab/bin/ethercat upload -p2 0x8000 0x11 -tuint16 
0x0019 25
